<?xml version="1.0" encoding="UTF-8"?>
<TestRun id="be8e4c69-6177-4fa6-9b00-a224d23fc912" name="chw@SKYLINE-PC 2011-02-16 15:57:26" runUser="Skyline-PC\chw" xmlns="http://microsoft.com/schemas/VisualStudio/TeamTest/2010">
  <TestSettings name="Local" id="c8e5e8ef-4570-4b52-b8c9-76b728d8151e">
    <Description>These are default test settings for a local test run.</Description>
    <Deployment enabled="false" runDeploymentRoot="chw_SKYLINE-PC 2011-02-16 15_57_26">
      <DeploymentItem filename="C:\FromCVS\MBDataSync\DataSyncEngine\ClassLibrary1\bin\Debug\EntityFramework.dll" />
      <DeploymentItem filename="C:\FromCVS\MBDataSync\DataSyncEngine\ClassLibrary1\bin\Debug\ClassLibrary1.dll" />
    </Deployment>
    <Execution>
      <TestTypeSpecific />
      <AgentRule name="Execution Agents">
      </AgentRule>
    </Execution>
  </TestSettings>
  <Times creation="2011-02-16T15:57:26.8132288+08:00" queuing="2011-02-16T15:57:37.6507984+08:00" start="2011-02-16T15:57:39.1415536+08:00" finish="2011-02-16T15:58:01.5400000+08:00" />
  <ResultSummary outcome="Completed">
    <Counters total="1" executed="1" passed="1" error="0" failed="0" timeout="0" aborted="0" inconclusive="0" passedButRunAborted="0" notRunnable="0" notExecuted="0" disconnected="0" warning="0" completed="0" inProgress="0" pending="0" />
  </ResultSummary>
  <TestDefinitions>
    <UnitTest name="Insert" storage="c:\fromcvs\mbdatasync\datasyncengine\testproject1\bin\debug\testproject1.dll" id="6074b72d-4ee3-7e89-47b3-cdbf857c9cb6">
      <Execution id="e4325931-b951-4693-a78d-46d87490fe73" />
      <TestMethod codeBase="C:/FromCVS/MBDataSync/DataSyncEngine/TestProject1/bin/Debug/TestProject1.DLL" adapterTypeName="Microsoft.VisualStudio.TestTools.TestTypes.Unit.UnitTestAdapter, Microsoft.VisualStudio.QualityTools.Tips.UnitTest.Adapter, Version=10.0.0.0, Culture=neutral, PublicKeyToken=b03f5f7f11d50a3a" className="TestProject1.UnitTest1, TestProject1, Version=1.0.0.0, Culture=neutral, PublicKeyToken=null" name="Insert" />
    </UnitTest>
  </TestDefinitions>
  <TestLists>
    <TestList name="Results Not in a List" id="8c84fa94-04c1-424b-9868-57a2d4851a1d" />
    <TestList name="All Loaded Results" id="19431567-8539-422a-85d7-44ee4e166bda" />
  </TestLists>
  <TestEntries>
    <TestEntry testId="6074b72d-4ee3-7e89-47b3-cdbf857c9cb6" executionId="e4325931-b951-4693-a78d-46d87490fe73" testListId="8c84fa94-04c1-424b-9868-57a2d4851a1d" />
  </TestEntries>
  <Results>
    <UnitTestResult executionId="e4325931-b951-4693-a78d-46d87490fe73" testId="6074b72d-4ee3-7e89-47b3-cdbf857c9cb6" testName="Insert" computerName="SKYLINE-PC" duration="00:00:14.9270940" startTime="2011-02-16T15:57:40.1818720+08:00" endTime="2011-02-16T15:58:00.4946656+08:00" testType="13cdc9d9-ddb5-4fa4-a97d-d965ccfc6d4b" outcome="Passed" testListId="8c84fa94-04c1-424b-9868-57a2d4851a1d" relativeResultsDirectory="e4325931-b951-4693-a78d-46d87490fe73">
      <Output>
        <DebugTrace>1
</DebugTrace>
      </Output>
    </UnitTestResult>
  </Results>
</TestRun>